       1                                		.PSECT A, REL
       2                                
       3 000000 000004                  A:	.WORD 4.
       4 000002 000005                  B:	.WORD 5.
       5                                
       6                                
       7                                START :
       8 000004 000241                  	CLC
       9 000006 000242                  	CLV
      10 000010 000244                  	CLZ
      11 000012 000250                  	CLN
      12 000014 001401                  	BEQ SET
      13 000016 000270                  	SEN
      14 000020 066767  177754  177754  SET:	ADD A,B
      15 000026 000264                  	SEZ
      16 000030 001401                  	BEQ SETC
      17 000032 000262                  	SEV
      18 000034 000261                  SETC:	SEC
      19 000036 000270                  	SEN
      20 000040 000000                  	HALT
      21                                	.END	START
      22                                
      22                                
