       1                                		.PSECT A, REL
       2                                
       3 000000 000004                  A:	.WORD 4
       4 000002 000005                  B:	.WORD 5
       5 000004 000001                  C:	.WORD 1
       6 000006 000002                  D:	.WORD 2
       7                                
       8                                
       9                                START :
      10 000010 000241                  	CLC
      11 000012 000242                  	CLV
      12 000014 000244                  	CLZ
      13 000016 000250                  	CLN
      14 000020 002002                  	BGE SUM ; will be taken (N0,V0)
      15 000022 000000                  	HALT
      16 000024 000270                  	SEN
      17 000026 066767  177746  177746  SUM:	ADD A,B
      18 000034 000262                  	SEV
      19 000036 000264                  	SEZ
      20 000040 000261                  	SEC
      21 000042 002003                  	BGE SETC ; will not be taken(N0,V1)
      22 000044 000242                  	CLV
      23 000046 000270                  	SEN
      24 000050 002002                  	BGE CLRC ; will not be taken(N1,V0)
      25 000052 000261                  SETC:	SEC
      26 000054 000270                  	SEN
      27 000056 000264                  CLRC:	SEZ
      28 000060 000262                  	SEV
      29 000062 002001                  	BGE SUM1; take (N1,V1)
      30 000064 000000                  	HALT
      31 000066 066767  177712  177712  SUM1:	ADD C,D
      32 000074 000000                  	HALT
      33                                	.END	START
      34                                
      34                                
