       1                                ;
       2                                ;    **************************************
       3                                ;    * Check BYTE Operations
       4                                ;    **************************************
       5                                ;
       6 000000    125                  A:	.BYTE 125
       7 000001    252                  B:	.BYTE 252
       8 000002    155                  C:	.BYTE 155
       9 000003    100                  D:	.BYTE 100
      10                                	
      11                                START:
      12 000004 116700  177770          	MOVB A, r0
      13 000010 116701  177765          	MOVB B, r1
      14 000014 120001                  	CMPB r0, r1
      15 000016 120100                  	CMPB r1, r0
      16 000020 130001                  	BITB r0, r1
      17 000022 000300                  	SWAB r0
      18 000024 140001                  	BICB r0, r1
      19 000026 150001                  	BISB r0, r1
      20 000030 012706  000003          	MOV #D, SP	
      21 000034 112603                  	MOVB (SP)+, r3
      22 000036 012706  000002          	MOV #C, SP
      23 000042 005216                  	INC (SP)
      24 000044 000000                  	HALT
      25                                	.END START
      26                                
      27                                
      28                                
      29                                
      30                                
      31                                
      32                                
      33                                
      34                                
      35                                
      36                                
      37                                
      38                                
      39                                
      40                                
      41                                
      42                                
      43                                
      44                                
      45                                
      46                                
      47                                
      48                                
      49                                
      50                                
      51                                
      52                                
      53                                
      54                                
      55                                
      56                                
      57                                
      58                                
      59 000046 000000                  	HALT
      60                                	.END START 	
      60                                
