       1                                ;
       2                                ;    **************************************
       3                                ;    * Check BYTE Operations
       4                                ;    **************************************
       5                                ;
       6 000000    125                  A:	.BYTE 125
       7 000001    252                  B:	.BYTE 252
       8 000002    155                  C:	.BYTE 155
       9 000003    100                  D:	.BYTE 100
      10                                
      11                                START:
      12 000004 116700  177770          	MOVB A, r0
      13 000010 116701  177765          	MOVB B, r1
      14 000014 120001                  	CMPB r0, r1
      15 000016 120100                  	CMPB r1, r0
      16 000020 130001                  	BITB r0, r1
      17 000022 000300                  	SWAB r0
      18 000024 140001                  	BICB r0, r1
      19 000026 150001                  	BISB r0, r1
      20 000030 012706  000003          	MOV #D, SP	
      21 000034 112603                  	MOVB (SP)+, r3
      22 000036 012706  000002          	MOV #C, SP	; SP=2
      23 000042 005216                  	INC (SP)        ; SP=2
      24 000044 010605                  	MOV SP, r5	; r5=2
      25 000046 105101                  	COMB r1
      26 000050 105246                  	INCB -(SP)	; [0]=126, SP=0
      27 000052 105305                  	DECB r5		; r5=1
      28 000054 105415                  	NEGB (r5)	; gives C=1
      29 000056 105515                  	ADCB (r5)
      30 000060 000261                  	SEC
      31 000062 105615                  	SBCB (r5)	; [r5] = 126
      32 000064 106015                  	RORB (r5)
      33 000066 106015                  	RORB (r5)
      34 000070 106015                  	RORB (r5)	; [r5] = 252
      35 000072 106115                  	ROLB (r5)
      36 000074 106115                  	ROLB (r5)
      37 000076 106115                  	ROLB (r5)	; [r5] = 126
      38 000100 106215                  	ASRB (r5)	
      39 000102 106215                  	ASRB (r5)	
      40 000104 106215                  	ASRB (r5)	; [r5] = 12, C-1
      41 000106 106315                  	ASLB (r5)	
      42 000110 106315                  	ASLB (r5)	
      43 000112 106315                  	ASLB (r5)	; [r5] = 120, C-0
      44 000114 105716                  	TSTB (SP)	
      45 000116 105016                  	CLRB (SP)
      46 000120 000000                  	HALT
      47                                	.END START
      48                                
      49                                
      50                                
      51                                
      52                                
      53                                
      54                                
      55                                
      56                                
      57                                
      58                                
      59                                
      60                                
      61                                
      62                                
      63                                
      64                                
      65                                
      66                                
      67                                
      68                                
      69                                
      70                                
      71                                
      72                                
      73                                
      74                                
      75                                
      76                                
      77                                
      78                                
      79                                
      80                                
      81 000122 000000                  	HALT
      82                                	.END START 	
      82                                
