       1                                ;INC - Z,N,V - affected c - not affected 
       2                                
       3                                
       4                                ;-(SP) - push
       5                                ;(SP)+ - pop
       6                                
       7 000000 077777                  A:	.WORD 077777  ; V=1
       8 000002 100000                  B:	.WORD 100000  ; N=1 
       9 000004 177777                  C:	.WORD 177777  ; Z=1
      10 000006 077776                  D:	.WORD 077776  ; Z=0,N=0,V=0
      11 000010 100001                  E:	.WORD 100001  ; N=0,Z=0,V=0 
      12                                
      13 000012                         .BLKW 50
      14 000132                         .BLKW 50
      15                                ;	MOV PC,SP
      16                                ;	TST -(SP)
      17                                ;	DEC SP
      18                                ;	MOV #START,SP
      19                                
      20                                START:	
      21 000252 010706                  	MOV PC,SP
      22 000254 005746                  	TST -(SP)
      23                                	
      24 000256 012746  000000          	MOV #0,-(SP)
      25 000262 016746  177522          	MOV E,-(SP)
      26 000266 016746  177514          	MOV D,-(SP)
      27 000272 016746  177506          	MOV C,-(SP)
      28 000276 016746  177500          	MOV B,-(SP)
      29 000302 016746  177472          	MOV A,-(SP)
      30 000306 012746  000000          	MOV #0,-(SP)
      31                                	;JSR R1,SBR1
      32 000312 004767  000002          	JSR PC,SBR1
      33 000316 000000                  	HALT
      34                                
      35                                SBR1:	
      36 000320 012602                  	MOV (SP)+,R2
      37 000322 000261                  	SEC
      38 000324 005266  000002          	INC 2(SP)
      39 000330 005266  000004          	INC 4(SP)
      40 000334 005266  000006          	INC 6(SP)
      41 000340 005266  000010          	INC 10(SP)
      42 000344 005266  000012          	INC 12(SP)
      43 000350 016603  000014          	MOV 14(SP),R3
      44 000354 010601                  	MOV SP,R1
      45                                	;MOV #3,R5
      46 000356 000201                  	RTS R1
      47                                ;	RTS PC
      48                                
      49 000360 000000                  	HALT
      50                                	
      51                                	.END START
      52                                	
      53                                	
      54                                 
      55                                
      56                                
      57                                
      58                                
      59                                
      59                                
